============================= test session starts =============================
platform win32 -- Python 3.13.5, pytest-8.4.2, pluggy-1.6.0 -- C:\Users\Shango\AppData\Local\Microsoft\WindowsApps\PythonSoftwareFoundation.Python.3.13_qbz5n2kfra8p0\python.exe
cachedir: .pytest_cache
rootdir: C:\Users\Shango\Documents\Code\SwarmAgents_WebUI_MVP\backend
plugins: anyio-4.9.0, Faker-38.0.0, asyncio-1.2.0
asyncio: mode=Mode.STRICT, debug=False, asyncio_default_fixture_loop_scope=None, asyncio_default_test_loop_scope=function
collecting ... collected 0 items / 1 error

=================================== ERRORS ====================================
______________________ ERROR collecting test_output.txt _______________________
C:\Program Files\WindowsApps\PythonSoftwareFoundation.Python.3.13_3.13.1520.0_x64__qbz5n2kfra8p0\Lib\pathlib\_local.py:546: in read_text
    return PathBase.read_text(self, encoding, errors, newline)
           ^^^^^^^^^^^^^^^^^^^^^^^^^^^^^^^^^^^^^^^^^^^^^^^^^^^
C:\Program Files\WindowsApps\PythonSoftwareFoundation.Python.3.13_3.13.1520.0_x64__qbz5n2kfra8p0\Lib\pathlib\_abc.py:633: in read_text
    return f.read()
           ^^^^^^^^
<frozen codecs>:325: in decode
    ???
E   UnicodeDecodeError: 'utf-8' codec can't decode byte 0xff in position 0: invalid start byte
=========================== short test summary info ===========================
ERROR test_output.txt - UnicodeDecodeError: 'utf-8' codec can't decode byte 0...
!!!!!!!!!!!!!!!!!!! Interrupted: 1 error during collection !!!!!!!!!!!!!!!!!!!!
============================== 1 error in 0.40s ===============================
